
======================================================================
TRAINING transformer | config {'d_model': 64, 'seq_len': 48, 'max_len': 128, 'lr': 0.0015, 'epochs': 25, 'batch_size': 32, 'num_batches_per_epoch': 180, 'weight_decay': 0.01} | kwargs {'d_model': 64, 'n_layers': 2}
======================================================================
Params: 77312
[Epoch 01/25] train=1.1463 val=1.0431/0.420 | 64=0.404 96=0.392 128=0.408 | sel48=0.541 sel96=0.523 sel128=0.519 | lr=0.00149 mem=821.9MB
[Epoch 02/25] train=1.0330 val=1.0084/0.441 | 64=0.431 96=0.409 128=0.419 | sel48=0.559 sel96=0.540 sel128=0.524 | lr=0.00148 mem=906.7MB
[Epoch 03/25] train=1.0025 val=0.9935/0.442 | 64=0.427 96=0.404 128=0.427 | sel48=0.569 sel96=0.540 sel128=0.516 | lr=0.00145 mem=834.6MB
[Epoch 04/25] train=1.0063 val=0.9892/0.446 | 64=0.434 96=0.415 128=0.429 | sel48=0.576 sel96=0.544 sel128=0.523 | lr=0.00141 mem=850.3MB
[Epoch 05/25] train=0.9893 val=0.9841/0.445 | 64=0.429 96=0.408 128=0.421 | sel48=0.574 sel96=0.531 sel128=0.534 | lr=0.00136 mem=852.6MB
[Epoch 06/25] train=0.9637 val=0.9766/0.448 | 64=0.440 96=0.414 128=0.426 | sel48=0.580 sel96=0.542 sel128=0.523 | lr=0.00130 mem=850.3MB
[Epoch 07/25] train=0.9688 val=0.9686/0.456 | 64=0.437 96=0.414 128=0.425 | sel48=0.589 sel96=0.540 sel128=0.537 | lr=0.00123 mem=834.8MB
[Epoch 08/25] train=0.9659 val=0.9653/0.449 | 64=0.438 96=0.412 128=0.426 | sel48=0.589 sel96=0.535 sel128=0.534 | lr=0.00115 mem=857.6MB
[Epoch 09/25] train=0.9726 val=0.9636/0.456 | 64=0.434 96=0.412 128=0.425 | sel48=0.586 sel96=0.538 sel128=0.537 | lr=0.00107 mem=834.6MB
[Epoch 10/25] train=0.9686 val=0.9643/0.456 | 64=0.438 96=0.418 128=0.426 | sel48=0.577 sel96=0.537 sel128=0.535 | lr=0.00098 mem=850.5MB
[Epoch 11/25] train=0.9697 val=0.9592/0.457 | 64=0.448 96=0.418 128=0.433 | sel48=0.584 sel96=0.545 sel128=0.526 | lr=0.00089 mem=850.5MB
[Epoch 12/25] train=0.9649 val=0.9571/0.458 | 64=0.435 96=0.414 128=0.424 | sel48=0.589 sel96=0.540 sel128=0.538 | lr=0.00080 mem=834.8MB
[Epoch 13/25] train=0.9422 val=0.9530/0.458 | 64=0.440 96=0.417 128=0.425 | sel48=0.588 sel96=0.542 sel128=0.539 | lr=0.00070 mem=834.7MB
[Epoch 14/25] train=0.9636 val=0.9499/0.462 | 64=0.451 96=0.421 128=0.434 | sel48=0.586 sel96=0.547 sel128=0.526 | lr=0.00061 mem=834.7MB
[Epoch 15/25] train=0.9565 val=0.9478/0.460 | 64=0.441 96=0.417 128=0.428 | sel48=0.591 sel96=0.542 sel128=0.540 | lr=0.00052 mem=834.8MB
[Epoch 16/25] train=0.9473 val=0.9438/0.464 | 64=0.444 96=0.421 128=0.434 | sel48=0.576 sel96=0.545 sel128=0.535 | lr=0.00043 mem=828.4MB
[Epoch 17/25] train=0.9481 val=0.9403/0.468 | 64=0.440 96=0.421 128=0.429 | sel48=0.594 sel96=0.547 sel128=0.541 | lr=0.00035 mem=850.4MB
[Epoch 18/25] train=0.9604 val=0.9393/0.469 | 64=0.453 96=0.423 128=0.435 | sel48=0.593 sel96=0.552 sel128=0.529 | lr=0.00027 mem=850.1MB
[Epoch 19/25] train=0.9465 val=0.9360/0.471 | 64=0.441 96=0.420 128=0.430 | sel48=0.598 sel96=0.544 sel128=0.541 | lr=0.00020 mem=850.5MB
[Epoch 20/25] train=0.9400 val=0.9344/0.470 | 64=0.448 96=0.425 128=0.438 | sel48=0.599 sel96=0.552 sel128=0.533 | lr=0.00014 mem=850.5MB
[Epoch 21/25] train=0.9434 val=0.9310/0.473 | 64=0.452 96=0.427 128=0.438 | sel48=0.598 sel96=0.555 sel128=0.531 | lr=0.00009 mem=850.5MB
[Epoch 22/25] train=0.9362 val=0.9285/0.471 | 64=0.443 96=0.426 128=0.437 | sel48=0.603 sel96=0.550 sel128=0.538 | lr=0.00005 mem=822.0MB
[Epoch 23/25] train=0.9393 val=0.9276/0.473 | 64=0.438 96=0.425 128=0.430 | sel48=0.600 sel96=0.544 sel128=0.543 | lr=0.00002 mem=822.0MB
[Epoch 24/25] train=0.9380 val=0.9271/0.477 | 64=0.442 96=0.423 128=0.433 | sel48=0.603 sel96=0.545 sel128=0.544 | lr=0.00001 mem=834.8MB
[Epoch 25/25] train=0.9218 val=0.9269/0.474 | 64=0.441 96=0.428 128=0.434 | sel48=0.604 sel96=0.548 sel128=0.541 | lr=0.00000 mem=834.8MB

Final metrics for transformer:
  overall_48      loss 0.9288 acc 0.466
  overall_96      loss 1.0047 acc 0.431
  overall_128     loss 0.9744 acc 0.436
  sel_parity_48   loss 0.5607 acc 0.602
  sel_parity_128  loss 0.6423 acc 0.537
  parity_48       loss 0.5880 acc 0.575
  parity_128      loss 0.6531 acc 0.530
  s3_48           loss 1.6599 acc 0.225
  s3_128          loss 1.7437 acc 0.189

======================================================================
TRAINING rogm | config {'d_model': 64, 'seq_len': 48, 'max_len': 128, 'lr': 0.0015, 'epochs': 25, 'batch_size': 32, 'num_batches_per_epoch': 180, 'weight_decay': 0.01} | kwargs {'d_model': 64, 'n_layers': 2}
======================================================================
Params: 101632
[Epoch 01/25] train=0.9886 val=0.6380/0.710 | 64=0.697 96=0.610 128=0.590 | sel48=0.996 sel96=0.875 sel128=0.772 | lr=0.00149 mem=966.8MB
[Epoch 02/25] train=0.6219 val=0.6114/0.719 | 64=0.720 96=0.683 128=0.654 | sel48=1.000 sel96=0.975 sel128=0.859 | lr=0.00148 mem=894.8MB
[Epoch 03/25] train=0.5985 val=0.5783/0.735 | 64=0.738 96=0.676 128=0.636 | sel48=1.000 sel96=0.928 sel128=0.827 | lr=0.00145 mem=901.8MB
[Epoch 04/25] train=0.4606 val=0.2794/0.894 | 64=0.860 96=0.725 128=0.676 | sel48=1.000 sel96=0.880 sel128=0.794 | lr=0.00141 mem=968.8MB
[Epoch 05/25] train=0.2100 val=0.2439/0.908 | 64=0.891 96=0.784 128=0.704 | sel48=1.000 sel96=0.948 sel128=0.831 | lr=0.00136 mem=896.9MB
[Epoch 06/25] train=0.1297 val=0.1112/0.958 | 64=0.954 96=0.831 128=0.720 | sel48=1.000 sel96=0.895 sel128=0.769 | lr=0.00130 mem=976.1MB
[Epoch 07/25] train=0.0711 val=0.0714/0.970 | 64=0.954 96=0.850 128=0.743 | sel48=1.000 sel96=0.932 sel128=0.832 | lr=0.00123 mem=925.5MB
[Epoch 08/25] train=0.0747 val=0.1097/0.960 | 64=0.954 96=0.863 128=0.722 | sel48=1.000 sel96=0.915 sel128=0.771 | lr=0.00115 mem=920.3MB
[Epoch 09/25] train=0.0676 val=0.0573/0.973 | 64=0.970 96=0.818 128=0.720 | sel48=1.000 sel96=0.861 sel128=0.780 | lr=0.00107 mem=940.6MB
[Epoch 10/25] train=0.0515 val=0.0423/0.979 | 64=0.981 96=0.848 128=0.730 | sel48=1.000 sel96=0.879 sel128=0.796 | lr=0.00098 mem=877.7MB
[Epoch 11/25] train=0.0523 val=0.1353/0.960 | 64=0.948 96=0.829 128=0.727 | sel48=1.000 sel96=0.917 sel128=0.826 | lr=0.00089 mem=912.5MB
[Epoch 12/25] train=0.0461 val=0.0336/0.982 | 64=0.981 96=0.861 128=0.750 | sel48=1.000 sel96=0.947 sel128=0.852 | lr=0.00080 mem=974.4MB
[Epoch 13/25] train=0.0375 val=0.0334/0.982 | 64=0.981 96=0.856 128=0.749 | sel48=1.000 sel96=0.931 sel128=0.839 | lr=0.00070 mem=993.6MB
[Epoch 14/25] train=0.0388 val=0.0333/0.982 | 64=0.980 96=0.872 128=0.760 | sel48=1.000 sel96=0.916 sel128=0.824 | lr=0.00061 mem=928.8MB
[Epoch 15/25] train=0.0365 val=0.0337/0.982 | 64=0.981 96=0.849 128=0.738 | sel48=1.000 sel96=0.899 sel128=0.810 | lr=0.00052 mem=993.4MB
[Epoch 16/25] train=0.0368 val=0.0333/0.982 | 64=0.982 96=0.856 128=0.743 | sel48=1.000 sel96=0.909 sel128=0.821 | lr=0.00043 mem=952.4MB
[Epoch 17/25] train=0.0368 val=0.0334/0.982 | 64=0.981 96=0.851 128=0.742 | sel48=1.000 sel96=0.906 sel128=0.819 | lr=0.00035 mem=916.3MB
[Epoch 18/25] train=0.0357 val=0.0333/0.982 | 64=0.980 96=0.848 128=0.741 | sel48=1.000 sel96=0.904 sel128=0.817 | lr=0.00027 mem=896.0MB
[Epoch 19/25] train=0.0362 val=0.0334/0.982 | 64=0.981 96=0.847 128=0.739 | sel48=1.000 sel96=0.901 sel128=0.814 | lr=0.00020 mem=958.2MB
[Epoch 20/25] train=0.0358 val=0.0333/0.982 | 64=0.982 96=0.845 128=0.738 | sel48=1.000 sel96=0.898 sel128=0.813 | lr=0.00014 mem=940.5MB
[Epoch 21/25] train=0.0378 val=0.0333/0.982 | 64=0.982 96=0.850 128=0.738 | sel48=1.000 sel96=0.898 sel128=0.813 | lr=0.00009 mem=958.8MB
[Epoch 22/25] train=0.0372 val=0.0333/0.982 | 64=0.981 96=0.847 128=0.739 | sel48=1.000 sel96=0.898 sel128=0.812 | lr=0.00005 mem=1010.5MB
[Epoch 23/25] train=0.0386 val=0.0333/0.982 | 64=0.981 96=0.848 128=0.739 | sel48=1.000 sel96=0.898 sel128=0.812 | lr=0.00002 mem=981.1MB
[Epoch 24/25] train=0.0369 val=0.0333/0.982 | 64=0.980 96=0.846 128=0.739 | sel48=1.000 sel96=0.898 sel128=0.812 | lr=0.00001 mem=970.4MB
[Epoch 25/25] train=0.0371 val=0.0333/0.982 | 64=0.981 96=0.847 128=0.739 | sel48=1.000 sel96=0.898 sel128=0.812 | lr=0.00000 mem=958.0MB

Final metrics for rogm:
  overall_48      loss 0.0356 acc 0.981
  overall_96      loss 0.5492 acc 0.855
  overall_128     loss 0.9373 acc 0.738
  sel_parity_48   loss 0.0000 acc 1.000
  sel_parity_128  loss 0.4095 acc 0.798
  parity_48       loss 0.0000 acc 1.000
  parity_128      loss 0.3493 acc 0.792
  s3_48           loss 0.0000 acc 1.000
  s3_128          loss 2.3925 acc 0.606

======================================================================
TRAINING rogm | config {'d_model': 64, 'seq_len': 48, 'max_len': 128, 'lr': 0.0015, 'epochs': 25, 'batch_size': 32, 'num_batches_per_epoch': 180, 'weight_decay': 0.01} | kwargs {'d_model': 32, 'n_layers': 2}
======================================================================
Params: 26240
[Epoch 01/25] train=1.2580 val=1.1120/0.495 | 64=0.480 96=0.438 128=0.449 | sel48=0.706 sel96=0.601 sel128=0.568 | lr=0.00149 mem=908.3MB
[Epoch 02/25] train=0.6658 val=0.6260/0.709 | 64=0.714 96=0.696 128=0.690 | sel48=1.000 sel96=0.999 sel128=0.929 | lr=0.00148 mem=908.3MB
[Epoch 03/25] train=0.6193 val=0.6183/0.714 | 64=0.720 96=0.656 128=0.630 | sel48=1.000 sel96=0.938 sel128=0.850 | lr=0.00145 mem=908.3MB
[Epoch 04/25] train=0.6338 val=0.6151/0.714 | 64=0.714 96=0.666 128=0.641 | sel48=1.000 sel96=0.948 sel128=0.841 | lr=0.00141 mem=916.9MB
[Epoch 05/25] train=0.6147 val=0.6103/0.716 | 64=0.722 96=0.704 128=0.752 | sel48=1.000 sel96=1.000 sel128=1.000 | lr=0.00136 mem=916.9MB
[Epoch 06/25] train=0.5721 val=0.6016/0.720 | 64=0.722 96=0.705 128=0.736 | sel48=1.000 sel96=1.000 sel128=0.989 | lr=0.00130 mem=916.9MB
[Epoch 07/25] train=0.5232 val=0.2946/0.820 | 64=0.808 96=0.776 128=0.795 | sel48=1.000 sel96=1.000 sel128=1.000 | lr=0.00123 mem=916.9MB
[Epoch 08/25] train=0.2684 val=0.2587/0.852 | 64=0.859 96=0.840 128=0.828 | sel48=1.000 sel96=0.999 sel128=0.975 | lr=0.00115 mem=916.9MB
[Epoch 09/25] train=0.1416 val=0.0550/0.976 | 64=0.978 96=0.938 128=0.905 | sel48=1.000 sel96=1.000 sel128=1.000 | lr=0.00107 mem=916.9MB
[Epoch 10/25] train=0.0485 val=0.0343/0.982 | 64=0.982 96=0.963 128=0.916 | sel48=1.000 sel96=1.000 sel128=1.000 | lr=0.00098 mem=916.9MB
[Epoch 11/25] train=0.0416 val=0.0494/0.979 | 64=0.982 96=0.973 128=0.926 | sel48=1.000 sel96=1.000 sel128=1.000 | lr=0.00089 mem=916.9MB
[Epoch 12/25] train=0.0401 val=0.0337/0.982 | 64=0.981 96=0.964 128=0.922 | sel48=1.000 sel96=1.000 sel128=1.000 | lr=0.00080 mem=916.9MB
[Epoch 13/25] train=0.0449 val=0.0337/0.982 | 64=0.981 96=0.959 128=0.914 | sel48=1.000 sel96=1.000 sel128=1.000 | lr=0.00070 mem=916.9MB
[Epoch 14/25] train=0.0395 val=0.0334/0.982 | 64=0.981 96=0.964 128=0.919 | sel48=1.000 sel96=1.000 sel128=1.000 | lr=0.00061 mem=916.9MB
[Epoch 15/25] train=0.0363 val=0.0335/0.982 | 64=0.981 96=0.960 128=0.916 | sel48=1.000 sel96=1.000 sel128=1.000 | lr=0.00052 mem=916.9MB
[Epoch 16/25] train=0.0370 val=0.0334/0.982 | 64=0.982 96=0.963 128=0.916 | sel48=1.000 sel96=1.000 sel128=1.000 | lr=0.00043 mem=916.9MB
[Epoch 17/25] train=0.0372 val=0.0335/0.982 | 64=0.981 96=0.963 128=0.918 | sel48=1.000 sel96=1.000 sel128=1.000 | lr=0.00035 mem=916.9MB
[Epoch 18/25] train=0.0361 val=0.0333/0.982 | 64=0.980 96=0.962 128=0.917 | sel48=1.000 sel96=1.000 sel128=0.999 | lr=0.00027 mem=916.9MB
[Epoch 19/25] train=0.0366 val=0.0334/0.982 | 64=0.981 96=0.965 128=0.918 | sel48=1.000 sel96=1.000 sel128=1.000 | lr=0.00020 mem=916.9MB
[Epoch 20/25] train=0.0361 val=0.0333/0.982 | 64=0.982 96=0.963 128=0.919 | sel48=1.000 sel96=1.000 sel128=1.000 | lr=0.00014 mem=916.9MB
[Epoch 21/25] train=0.0382 val=0.0334/0.982 | 64=0.982 96=0.969 128=0.921 | sel48=1.000 sel96=1.000 sel128=1.000 | lr=0.00009 mem=916.9MB
[Epoch 22/25] train=0.0375 val=0.0333/0.982 | 64=0.981 96=0.966 128=0.920 | sel48=1.000 sel96=1.000 sel128=1.000 | lr=0.00005 mem=916.9MB
[Epoch 23/25] train=0.0389 val=0.0333/0.982 | 64=0.981 96=0.965 128=0.919 | sel48=1.000 sel96=1.000 sel128=0.999 | lr=0.00002 mem=916.9MB
[Epoch 24/25] train=0.0372 val=0.0333/0.982 | 64=0.981 96=0.965 128=0.919 | sel48=1.000 sel96=1.000 sel128=1.000 | lr=0.00001 mem=916.9MB
[Epoch 25/25] train=0.0374 val=0.0333/0.982 | 64=0.981 96=0.965 128=0.919 | sel48=1.000 sel96=1.000 sel128=1.000 | lr=0.00000 mem=916.9MB

Final metrics for rogm:
  overall_48      loss 0.0357 acc 0.981
  overall_96      loss 0.1100 acc 0.968
  overall_128     loss 0.4932 acc 0.921
  sel_parity_48   loss 0.0000 acc 1.000
  sel_parity_128  loss 0.0177 acc 1.000
  parity_48       loss 0.0000 acc 1.000
  parity_128      loss 0.0051 acc 1.000
  s3_48           loss 0.0002 acc 1.000
  s3_128          loss 1.6311 acc 0.756

================================================================================
HARDER EXPERIMENT COMPARISON (train 48, eval 48/96/128, selective parity)
================================================================================

TRANSFORMER_64 (params 77312):
  Time 119.4s Mem 831.7MB
  Train loss final 0.9218
    overall_48      acc 0.466 loss 0.9288
    overall_96      acc 0.431 loss 1.0047
    overall_128     acc 0.436 loss 0.9744
    sel_parity_48   acc 0.602 loss 0.5607
    sel_parity_128  acc 0.537 loss 0.6423
    parity_48       acc 0.575 loss 0.5880
    parity_128      acc 0.530 loss 0.6531
    s3_48           acc 0.225 loss 1.6599
    s3_128          acc 0.189 loss 1.7437

ROGM_64 (params 101632):
  Time 806.5s Mem 908.3MB
  Train loss final 0.0371
    overall_48      acc 0.981 loss 0.0356
    overall_96      acc 0.855 loss 0.5492
    overall_128     acc 0.738 loss 0.9373
    sel_parity_48   acc 1.000 loss 0.0000
    sel_parity_128  acc 0.798 loss 0.4095
    parity_48       acc 1.000 loss 0.0000
    parity_128      acc 0.792 loss 0.3493
    s3_48           acc 1.000 loss 0.0000
    s3_128          acc 0.606 loss 2.3925

ROGM_LITE_32 (params 26240):
  Time 515.4s Mem 916.9MB
  Train loss final 0.0374
    overall_48      acc 0.981 loss 0.0357
    overall_96      acc 0.968 loss 0.1100
    overall_128     acc 0.921 loss 0.4932
    sel_parity_48   acc 1.000 loss 0.0000
    sel_parity_128  acc 1.000 loss 0.0177
    parity_48       acc 1.000 loss 0.0000
    parity_128      acc 1.000 loss 0.0051
    s3_48           acc 1.000 loss 0.0002
    s3_128          acc 0.756 loss 1.6311

DELTA vs Transformer (ROGM-64):
  overall_48: acc delta +0.516 loss delta -0.8932
  overall_96: acc delta +0.425 loss delta -0.4555
  overall_128: acc delta +0.302 loss delta -0.0370
  sel_parity_48: acc delta +0.398 loss delta -0.5607
  sel_parity_128: acc delta +0.260 loss delta -0.2328
  parity_48: acc delta +0.425 loss delta -0.5880
  parity_128: acc delta +0.262 loss delta -0.3038
  s3_48: acc delta +0.775 loss delta -1.6599
  s3_128: acc delta +0.416 loss delta +0.6488

DELTA lite (32) vs Transformer (64): (tests if stripped still wins)
  overall_48: acc delta +0.516
  overall_96: acc delta +0.537
  overall_128: acc delta +0.484
  sel_parity_48: acc delta +0.398
  sel_parity_128: acc delta +0.463
  parity_48: acc delta +0.425
  parity_128: acc delta +0.470
  s3_48: acc delta +0.775
  s3_128: acc delta +0.567

Hard reasoning wins ROGM-64: 7/7 (need >=4)
Hard reasoning wins ROGM-lite-32 (<½ params): 7/7 (need >=3 to prove efficiency)
  => Harder SUCCESS ROGM-64? True
  => Stripped ROGM-lite still superior? True
Saved logs/comparison_harder_2026-09-17T05-03-11.898886.json
